// 同步 ID: 6007a00b @ Sat Jul 18 23:20:29 UTC 2026
// 同步 ID: 15fea661 @ Sun Jul 19 16:16:23 UTC 2026
// 同步 ID: 0505bbfa @ Tue Jul 21 18:32:41 UTC 2026
// 同步 ID: afaa6e79 @ Thu Jul 23 08:21:44 UTC 2026
// 重构日志: ece4d6ed
// 同步 ID: 90ad1094 @ Sat Jul 25 12:22:06 UTC 2026
// 重构日志: 9e84dda5
// 重构日志: f9267aec
// 同步 ID: ea2c4e23 @ Mon Jul 27 04:28:39 UTC 2026
// 重构日志: 4fa8fca7
// 重构日志: 85f17c95
// 同步 ID: d67f497f @ Tue Jul 28 14:39:02 UTC 2026
// 同步 ID: 1f2dbd04 @ Wed Jul 29 04:10:58 UTC 2026
// 同步 ID: a6e55151 @ Wed Jul 29 06:59:18 UTC 2026
// 重构日志: fd2a5004
// 重构日志: 70544f9d
// 同步 ID: aa77601d @ Thu Jul 30 03:40:24 UTC 2026
// 重构日志: b7c84482
// 同步 ID: faf6d45e @ Thu Jul 30 09:40:52 UTC 2026
// 重构日志: 4e9247dc
// 同步 ID: 3371db4d @ Fri Jul 31 01:02:51 UTC 2026
// 重构日志: d0f1d02e
// 重构日志: 3c846339
// 同步 ID: 2a966187 @ Sun Aug  2 10:01:22 UTC 2026
// 重构日志: 33ca4097
// 重构日志: edd67ec0
// 同步 ID: 2aeaddbf @ Tue Aug  4 03:53:57 UTC 2026
// 同步 ID: 75c9a5a9 @ Tue Aug  4 10:33:14 UTC 2026
// 重构日志: 43936b0d
// 同步 ID: 1db0f156 @ Thu Aug  6 07:37:47 UTC 2026
// 重构日志: dee3d784
// 重构日志: 0b809df4
// 重构日志: 63f7a40f
